// Vitest Snapshot v1, https://vitest.dev/guide/snapshot.html

exports[`generator - github-build-matrix > with samples > should match matrix value 1`] = `
{
  "include": [
    {
      "default-environment": "prod",
      "java-version": "17",
      "job-name": "gradle-jwt-react",
      "jwt-secret-key": "ZjY4MTM4YjI5YzMwZjhjYjI2OTNkNTRjMWQ5Y2Q0Y2YwOWNmZTE2NzRmYzU3NTMwM2NjOTE3MTllOTM3MWRkMzcyYTljMjVmNmQ0Y2MxOTUzODc0MDhhMTlkMDIxMzI2YzQzZDM2ZDE3MmQ3NjVkODk3OTVmYzljYTQyZDNmMTQ=",
      "node-version": "22.13.1",
      "npm-version": "11.1.0",
      "os": "ubuntu-latest",
      "sample": "gradle-jwt-react",
      "sample-type": "jdl",
      "samples-group": "samples",
    },
    {
      "default-environment": "prod",
      "java-version": "17",
      "job-name": "gradle-ms-eureka-oauth",
      "jwt-secret-key": "ZjY4MTM4YjI5YzMwZjhjYjI2OTNkNTRjMWQ5Y2Q0Y2YwOWNmZTE2NzRmYzU3NTMwM2NjOTE3MTllOTM3MWRkMzcyYTljMjVmNmQ0Y2MxOTUzODc0MDhhMTlkMDIxMzI2YzQzZDM2ZDE3MmQ3NjVkODk3OTVmYzljYTQyZDNmMTQ=",
      "node-version": "22.13.1",
      "npm-version": "11.1.0",
      "os": "ubuntu-latest",
      "sample": "gradle-ms-eureka-oauth",
      "sample-type": "jdl",
      "samples-group": "samples",
    },
    {
      "default-environment": "prod",
      "java-version": "17",
      "job-name": "gradle-oauth-angular",
      "jwt-secret-key": "ZjY4MTM4YjI5YzMwZjhjYjI2OTNkNTRjMWQ5Y2Q0Y2YwOWNmZTE2NzRmYzU3NTMwM2NjOTE3MTllOTM3MWRkMzcyYTljMjVmNmQ0Y2MxOTUzODc0MDhhMTlkMDIxMzI2YzQzZDM2ZDE3MmQ3NjVkODk3OTVmYzljYTQyZDNmMTQ=",
      "node-version": "22.13.1",
      "npm-version": "11.1.0",
      "os": "ubuntu-latest",
      "sample": "gradle-oauth-angular",
      "sample-type": "jdl",
      "samples-group": "samples",
    },
    {
      "default-environment": "prod",
      "java-version": "17",
      "job-name": "jdl-default-app",
      "jwt-secret-key": "ZjY4MTM4YjI5YzMwZjhjYjI2OTNkNTRjMWQ5Y2Q0Y2YwOWNmZTE2NzRmYzU3NTMwM2NjOTE3MTllOTM3MWRkMzcyYTljMjVmNmQ0Y2MxOTUzODc0MDhhMTlkMDIxMzI2YzQzZDM2ZDE3MmQ3NjVkODk3OTVmYzljYTQyZDNmMTQ=",
      "node-version": "22.13.1",
      "npm-version": "11.1.0",
      "os": "ubuntu-latest",
      "sample": "jdl-default-app",
      "sample-type": "jdl",
      "samples-group": "samples",
    },
    {
      "default-environment": "prod",
      "java-version": "17",
      "job-name": "mvn-jwt-angular",
      "jwt-secret-key": "ZjY4MTM4YjI5YzMwZjhjYjI2OTNkNTRjMWQ5Y2Q0Y2YwOWNmZTE2NzRmYzU3NTMwM2NjOTE3MTllOTM3MWRkMzcyYTljMjVmNmQ0Y2MxOTUzODc0MDhhMTlkMDIxMzI2YzQzZDM2ZDE3MmQ3NjVkODk3OTVmYzljYTQyZDNmMTQ=",
      "node-version": "22.13.1",
      "npm-version": "11.1.0",
      "os": "ubuntu-latest",
      "sample": "mvn-jwt-angular",
      "sample-type": "jdl",
      "samples-group": "samples",
    },
    {
      "default-environment": "prod",
      "java-version": "17",
      "job-name": "mvn-jwt-redis-angular",
      "jwt-secret-key": "ZjY4MTM4YjI5YzMwZjhjYjI2OTNkNTRjMWQ5Y2Q0Y2YwOWNmZTE2NzRmYzU3NTMwM2NjOTE3MTllOTM3MWRkMzcyYTljMjVmNmQ0Y2MxOTUzODc0MDhhMTlkMDIxMzI2YzQzZDM2ZDE3MmQ3NjVkODk3OTVmYzljYTQyZDNmMTQ=",
      "node-version": "22.13.1",
      "npm-version": "11.1.0",
      "os": "ubuntu-latest",
      "sample": "mvn-jwt-redis-angular",
      "sample-type": "jdl",
      "samples-group": "samples",
    },
    {
      "default-environment": "prod",
      "java-version": "17",
      "job-name": "mvn-ms-consul-jwt",
      "jwt-secret-key": "ZjY4MTM4YjI5YzMwZjhjYjI2OTNkNTRjMWQ5Y2Q0Y2YwOWNmZTE2NzRmYzU3NTMwM2NjOTE3MTllOTM3MWRkMzcyYTljMjVmNmQ0Y2MxOTUzODc0MDhhMTlkMDIxMzI2YzQzZDM2ZDE3MmQ3NjVkODk3OTVmYzljYTQyZDNmMTQ=",
      "node-version": "22.13.1",
      "npm-version": "11.1.0",
      "os": "ubuntu-latest",
      "sample": "mvn-ms-consul-jwt",
      "sample-type": "jdl",
      "samples-group": "samples",
    },
    {
      "default-environment": "prod",
      "java-version": "17",
      "job-name": "mvn-no-client",
      "jwt-secret-key": "ZjY4MTM4YjI5YzMwZjhjYjI2OTNkNTRjMWQ5Y2Q0Y2YwOWNmZTE2NzRmYzU3NTMwM2NjOTE3MTllOTM3MWRkMzcyYTljMjVmNmQ0Y2MxOTUzODc0MDhhMTlkMDIxMzI2YzQzZDM2ZDE3MmQ3NjVkODk3OTVmYzljYTQyZDNmMTQ=",
      "node-version": "22.13.1",
      "npm-version": "11.1.0",
      "os": "ubuntu-latest",
      "sample": "mvn-no-client",
      "sample-type": "jdl",
      "samples-group": "samples",
    },
    {
      "default-environment": "prod",
      "java-version": "17",
      "job-name": "mvn-oauth-angular",
      "jwt-secret-key": "ZjY4MTM4YjI5YzMwZjhjYjI2OTNkNTRjMWQ5Y2Q0Y2YwOWNmZTE2NzRmYzU3NTMwM2NjOTE3MTllOTM3MWRkMzcyYTljMjVmNmQ0Y2MxOTUzODc0MDhhMTlkMDIxMzI2YzQzZDM2ZDE3MmQ3NjVkODk3OTVmYzljYTQyZDNmMTQ=",
      "node-version": "22.13.1",
      "npm-version": "11.1.0",
      "os": "ubuntu-latest",
      "sample": "mvn-oauth-angular",
      "sample-type": "jdl",
      "samples-group": "samples",
    },
  ],
}
`;
